npx : FAIL 
__tests__/integration/booking-flow.test.ts
At line:1 char:1
+ npx jest --testPathPattern=booking-flow --verbose 
2>&1 | Out-File -Fi ...
+ ~~~~~~~~~~~~~~~~~~~~~~~~~~~~~~~~~~~~~~~~~~~~~~~~~~
~~~~
    + CategoryInfo          : NotSpecified: (FAIL _ 
   _tests__/...ng-flow.test.ts:String) [], RemoteE  
  xception
    + FullyQualifiedErrorId : NativeCommandError
 
  Integration: Complete Booking Lifecycle
    Step 1: Ride is available for booking
      ├ù should allow editing upcoming ride with no 
confirmed bookings (2 ms)
      ├ù should allow deleting ride with no bookings
    Step 2: Rider creates booking request
      ΓêÜ booking status should be pending_driver 
(1 ms)
      ΓêÜ pending booking can be cancelled by rider
    Step 3: Driver responds to booking
      ΓêÜ driver can accept pending_driver booking
      ΓêÜ driver can decline pending_driver booking 
(1 ms)
      ΓêÜ driver cannot accept already confirmed 
booking
      ΓêÜ driver cannot accept cancelled booking
    Step 4: Booking is confirmed
      ΓêÜ confirmed booking can be cancelled with 
fee
      ├ù ride with bookings cannot be deleted
    Step 5: Ride starts
      ├ù can start upcoming ride within 2 hours of 
departure (1 ms)
      ├ù cannot start ride too early (1 ms)
      ΓêÜ cannot start already active ride
    Step 6: Ride completes
      ΓêÜ completed booking cannot be cancelled (1 
ms)
      ΓêÜ completed ride cannot be edited
  Integration: Cancellation Flows
    Early cancellation (>24h before departure)
      ΓêÜ rider can cancel pending booking with no 
fee
      ΓêÜ rider can cancel confirmed booking with 
5% fee
    Late cancellation (<12h before departure)
      ΓêÜ rider can cancel with 50% fee (2 ms)
    Past departure time
      ├ù cannot cancel booking after departure (2 
ms)
      ├ù cannot cancel ride after departure (1 ms)
  Integration: Edge Cases
    Concurrent booking attempts
      ΓêÜ should handle last seat race condition
    Payment amount calculations
      ΓêÜ should calculate correct total for 1 seat
      ΓêÜ should calculate correct total for 3 seats
      ΓêÜ should calculate driver payout correctly 
(1 ms)

  ΓùÅ Integration: Complete Booking Lifecycle ΓÇ║ 
Step 1: Ride is available for booking ΓÇ║ should 
allow editing upcoming ride with no confirmed 
bookings

    TypeError: bookings.filter is not a function

    [0m [90m 44 |[39m     [90m// the core ride 
details (location, date, time, price) as the rider 
made their[39m
     [90m 45 |[39m     [90m// decision based on 
those details.[39m
    [31m[1m>[22m[39m[90m 46 |[39m     
[36mconst[39m confirmedBookings [33m=[39m 
bookings[33m.[39mfilter(b [33m=>[39m 
b[33m.[39mstatus [33m===[39m 
[32m'confirmed'[39m)[33m;[39m
     [90m    |[39m                                
        [31m[1m^[22m[39m
     [90m 47 |[39m     [36mconst[39m 
pendingBookings [33m=[39m 
bookings[33m.[39mfilter(b [33m=>[39m 
b[33m.[39mstatus [33m===[39m 
[32m'pending_driver'[39m)[33m;[39m
     [90m 48 |[39m     [36mconst[39m 
totalActiveBookings [33m=[39m 
confirmedBookings[33m.[39mlength [33m+[39m 
pendingBookings[33m.[39mlength[33m;[39m
     [90m 49 |[39m[0m

      at filter (utils/ride-validation.ts:46:40)
      at Object.<anonymous> 
(__tests__/integration/booking-flow.test.ts:87:31)

  ΓùÅ Integration: Complete Booking Lifecycle ΓÇ║ 
Step 1: Ride is available for booking ΓÇ║ should 
allow deleting ride with no bookings

    TypeError: bookings.filter is not a function

    [0m [90m 90 |[39m
     [90m 91 |[39m     [90m// Rule 2: Cannot 
delete if confirmed bookings exist[39m
    [31m[1m>[22m[39m[90m 92 |[39m     
[36mconst[39m confirmedBookings [33m=[39m 
bookings[33m.[39mfilter(b [33m=>[39m 
b[33m.[39mstatus [33m===[39m 
[32m'confirmed'[39m)[33m;[39m
     [90m    |[39m                                
        [31m[1m^[22m[39m
     [90m 93 |[39m
     [90m 94 |[39m     [36mif[39m 
(confirmedBookings[33m.[39mlength [33m>[39m 
[35m0[39m) {
     [90m 95 |[39m         [36mreturn[39m {[0m

      at filter (utils/ride-validation.ts:92:40)
      at Object.<anonymous> 
(__tests__/integration/booking-flow.test.ts:92:33)

  ΓùÅ Integration: Complete Booking Lifecycle ΓÇ║ 
Step 4: Booking is confirmed ΓÇ║ ride with bookings 
cannot be deleted

    TypeError: bookings.filter is not a function

    [0m [90m 90 |[39m
     [90m 91 |[39m     [90m// Rule 2: Cannot 
delete if confirmed bookings exist[39m
    [31m[1m>[22m[39m[90m 92 |[39m     
[36mconst[39m confirmedBookings [33m=[39m 
bookings[33m.[39mfilter(b [33m=>[39m 
b[33m.[39mstatus [33m===[39m 
[32m'confirmed'[39m)[33m;[39m
     [90m    |[39m                                
        [31m[1m^[22m[39m
     [90m 93 |[39m
     [90m 94 |[39m     [36mif[39m 
(confirmedBookings[33m.[39mlength [33m>[39m 
[35m0[39m) {
     [90m 95 |[39m         [36mreturn[39m {[0m

      at filter (utils/ride-validation.ts:92:40)
      at Object.<anonymous> 
(__tests__/integration/booking-flow.test.ts:140:33)

  ΓùÅ Integration: Complete Booking Lifecycle ΓÇ║ 
Step 5: Ride starts ΓÇ║ can start upcoming ride 
within 2 hours of departure

    TypeError: Cannot read properties of undefined 
(reading 'filter')

    [0m [90m 175 |[39m     }
     [90m 176 |[39m
    [31m[1m>[22m[39m[90m 177 |[39m     
[36mconst[39m confirmedBookings [33m=[39m 
bookings[33m.[39mfilter(b [33m=>[39m 
b[33m.[39mstatus [33m===[39m 
[32m'confirmed'[39m)[33m;[39m
     [90m     |[39m                               
         [31m[1m^[22m[39m
     [90m 178 |[39m
     [90m 179 |[39m     [36mif[39m 
(confirmedBookings[33m.[39mlength [33m===[39m 
[35m0[39m) {
     [90m 180 |[39m         [36mreturn[39m {[0m

      at filter (utils/ride-validation.ts:177:40)
      at Object.<anonymous> 
(__tests__/integration/booking-flow.test.ts:150:32)

  ΓùÅ Integration: Complete Booking Lifecycle ΓÇ║ 
Step 5: Ride starts ΓÇ║ cannot start ride too early

    TypeError: Cannot read properties of undefined 
(reading 'filter')

    [0m [90m 175 |[39m     }
     [90m 176 |[39m
    [31m[1m>[22m[39m[90m 177 |[39m     
[36mconst[39m confirmedBookings [33m=[39m 
bookings[33m.[39mfilter(b [33m=>[39m 
b[33m.[39mstatus [33m===[39m 
[32m'confirmed'[39m)[33m;[39m
     [90m     |[39m                               
         [31m[1m^[22m[39m
     [90m 178 |[39m
     [90m 179 |[39m     [36mif[39m 
(confirmedBookings[33m.[39mlength [33m===[39m 
[35m0[39m) {
     [90m 180 |[39m         [36mreturn[39m {[0m

      at filter (utils/ride-validation.ts:177:40)
      at Object.<anonymous> 
(__tests__/integration/booking-flow.test.ts:158:32)

  ΓùÅ Integration: Cancellation Flows ΓÇ║ Past 
departure time ΓÇ║ cannot cancel booking after 
departure

    expect(received).toBe(expected) // Object.is 
equality

    Expected: false
    Received: true

    [0m [90m 219 |[39m             
[36mconst[39m ride [33m=[39m createMockRide({ 
departureTime[33m:[39m departurePast })[33m;[39m
     [90m 220 |[39m             [36mconst[39m 
result [33m=[39m 
canCancelBooking(booking[33m,[39m ride)[33m;[39m
    [31m[1m>[22m[39m[90m 221 |[39m            
 expect(result[33m.[39mallowed)[33m.[39mtoBe([3
6mfalse[39m)[33m;[39m
     [90m     |[39m                               
     [31m[1m^[22m[39m
     [90m 222 |[39m         })[33m;[39m
     [90m 223 |[39m
     [90m 224 |[39m         it([32m'cannot 
cancel ride after departure'[39m[33m,[39m () 
[33m=>[39m {[0m

      at Object.toBe 
(__tests__/integration/booking-flow.test.ts:221:36)

  ΓùÅ Integration: Cancellation Flows ΓÇ║ Past 
departure time ΓÇ║ cannot cancel ride after 
departure

    expect(received).toBe(expected) // Object.is 
equality

    Expected: false
    Received: true

    [0m [90m 224 |[39m         it([32m'cannot 
cancel ride after departure'[39m[33m,[39m () 
[33m=>[39m {
     [90m 225 |[39m             [36mconst[39m 
ride [33m=[39m createMockRide({ status[33m:[39m 
[32m'upcoming'[39m[33m,[39m 
departureTime[33m:[39m departurePast })[33m;[39m
    [31m[1m>[22m[39m[90m 226 |[39m            
 expect(canCancelRide(ride)[33m.[39mallowed)[33m.
[39mtoBe([36mfalse[39m)[33m;[39m
     [90m     |[39m                               
                  [31m[1m^[22m[39m
     [90m 227 |[39m         })[33m;[39m
     [90m 228 |[39m     })[33m;[39m
     [90m 229 |[39m })[33m;[39m[0m

      at Object.toBe 
(__tests__/integration/booking-flow.test.ts:226:49)

Test Suites: 1 failed, 1 total
Tests:       7 failed, 17 passed, 24 total
Snapshots:   0 total
Time:        0.663 s, estimated 1 s
Ran all test suites matching /booking-flow/i.
